******************************************************************************
                  TI ARM Linker PC v20.2.0                     
******************************************************************************
>> Linked Tue Mar 17 19:16:54 2020

OUTPUT FILE NAME:   <SPI_TX.out>
ENTRY POINT SYMBOL: "_c_int00_noargs"  address: 000012fd


MEMORY CONFIGURATION

         name            origin    length      used     unused   attr    fill
----------------------  --------  ---------  --------  --------  ----  --------
  FLASH                 00000000   00040000  000015c0  0003ea40  R  X
  SRAM                  20000000   00008000  00000266  00007d9a  RW X


SEGMENT ALLOCATION MAP

run origin  load origin   length   init length attrs members
----------  ----------- ---------- ----------- ----- -------
00000000    00000000    000015c0   000015c0    r-x
  00000000    00000000    0000026c   0000026c    r-- .intvecs
  0000026c    0000026c    00001154   00001154    r-x .text
  000013c0    000013c0    000001d0   000001d0    r-- .const
  00001590    00001590    00000030   00000030    r-- .cinit
20000000    20000000    00000268   00000000    rw-
  20000000    20000000    00000200   00000000    rw- .stack
  20000200    20000200    00000062   00000000    rw- .bss
  20000264    20000264    00000004   00000000    rw- .data


SECTION ALLOCATION MAP

 output                                  attributes/
section   page    origin      length       input sections
--------  ----  ----------  ----------   ----------------
.intvecs   0    00000000    0000026c     
                  00000000    0000026c     tm4c123gh6pm_startup_ccs.obj (.intvecs)

.text      0    0000026c    00001154     
                  0000026c    00000460     rtsv7M4_T_le_v4SPD16_eabi.lib : strtod.c.obj (.text:strtod)
                  000006cc    000002d0     getString.obj (.text)
                  0000099c    000001b6     rtsv7M4_T_le_v4SPD16_eabi.lib : fd_add_t2.asm.obj (.text)
                  00000b52    00000136                                   : fd_div_t2.asm.obj (.text)
                  00000c88    00000110                                   : s_scalbn.c.obj (.text:scalbn)
                  00000d98    000000fc                                   : fd_mul_t2.asm.obj (.text)
                  00000e94    000000d8     uart0.obj (.text)
                  00000f6c    0000009c     rtsv7M4_T_le_v4SPD16_eabi.lib : memcpy_t2.asm.obj (.text)
                  00001008    00000086                                   : fd_cmp_t2.asm.obj (.text:__aeabi_cdcmple)
                  0000108e    00000002     --HOLE-- [fill = 0]
                  00001090    00000084     SPI_TXinit.obj (.text)
                  00001114    00000080     ledpb.obj (.text)
                  00001194    0000006e     rtsv7M4_T_le_v4SPD16_eabi.lib : fd_tos_t2.asm.obj (.text)
                  00001202    00000068                                   : copy_decompress_lzss.c.obj (.text:decompress:lzss:__TI_decompress_lzss)
                  0000126a    00000002     --HOLE-- [fill = 0]
                  0000126c    0000004c                                   : atoi.c.obj (.text:atoi)
                  000012b8    00000044                                   : autoinit.c.obj (.text:__TI_auto_init_nobinit_nopinit:__TI_auto_init_nobinit_nopinit)
                  000012fc    00000034                                   : boot_cortex_m.c.obj (.text:_c_int00_noargs:_c_int00_noargs)
                  00001330    00000030     SPI_TX.obj (.text)
                  00001360    0000001c     rtsv7M4_T_le_v4SPD16_eabi.lib : copy_zero_init.c.obj (.text:decompress:ZI:__TI_zero_init_nomemset:__TI_zero_init_nomemset)
                  0000137c    0000001a                                   : s_copysign.c.obj (.text:copysign)
                  00001396    0000000e                                   : copy_decompress_none.c.obj (.text:decompress:none:__TI_decompress_none)
                  000013a4    0000000c     tm4c123gh6pm_startup_ccs.obj (.text)
                  000013b0    00000008     rtsv7M4_T_le_v4SPD16_eabi.lib : errno.c.obj (.text:__aeabi_errno_addr)
                  000013b8    00000004                                   : pre_init.c.obj (.text:_system_pre_init)
                  000013bc    00000004                                   : exit.c.obj (.text:abort:abort)

.const     0    000013c0    000001d0     
                  000013c0    00000101     rtsv7M4_T_le_v4SPD16_eabi.lib : ctype.c.obj (.const:.string:_ctypes_)
                  000014c1    00000007     --HOLE-- [fill = 0]
                  000014c8    000000c8                                   : strtod.c.obj (.const:$O1$$)

.cinit     0    00001590    00000030     
                  00001590    0000000c     (__TI_handler_table)
                  0000159c    00000004     --HOLE-- [fill = 0]
                  000015a0    00000008     (.cinit..bss.load) [load image, compression = zero_init]
                  000015a8    00000007     (.cinit..data.load) [load image, compression = lzss]
                  000015af    00000001     --HOLE-- [fill = 0]
                  000015b0    00000010     (__TI_cinit_table)

.init_array 
*          0    00000000    00000000     UNINITIALIZED

.bss       0    20000200    00000062     UNINITIALIZED
                  20000200    00000052     (.common:step2)
                  20000252    00000010     (.common:step3)

.data      0    20000264    00000004     UNINITIALIZED
                  20000264    00000004     rtsv7M4_T_le_v4SPD16_eabi.lib : errno.c.obj (.data)

.stack     0    20000000    00000200     UNINITIALIZED
                  20000000    00000004     rtsv7M4_T_le_v4SPD16_eabi.lib : boot_cortex_m.c.obj (.stack)
                  20000004    000001fc     --HOLE--

__llvm_prf_cnts 
*          0    20000000    00000000     UNINITIALIZED

MODULE SUMMARY

       Module                         code   ro data   rw data
       ------                         ----   -------   -------
    .\
       getString.obj                  720    0         0      
       tm4c123gh6pm_startup_ccs.obj   12     620       0      
       uart0.obj                      216    0         0      
       SPI_TX.obj                     48     0         98     
       SPI_TXinit.obj                 132    0         0      
       ledpb.obj                      128    0         0      
    +--+------------------------------+------+---------+---------+
       Total:                         1256   620       98     
                                                              
    C:\ti\ccs1000\ccs\tools\compiler\ti-cgt-arm_20.2.0.LTS\lib\rtsv7M4_T_le_v4SPD16_eabi.lib
       strtod.c.obj                   1120   200       0      
       fd_add_t2.asm.obj              438    0         0      
       fd_div_t2.asm.obj              310    0         0      
       s_scalbn.c.obj                 272    0         0      
       ctype.c.obj                    0      257       0      
       fd_mul_t2.asm.obj              252    0         0      
       memcpy_t2.asm.obj              156    0         0      
       fd_cmp_t2.asm.obj              134    0         0      
       fd_tos_t2.asm.obj              110    0         0      
       copy_decompress_lzss.c.obj     104    0         0      
       atoi.c.obj                     76     0         0      
       autoinit.c.obj                 68     0         0      
       boot_cortex_m.c.obj            52     0         0      
       copy_zero_init.c.obj           28     0         0      
       s_copysign.c.obj               26     0         0      
       copy_decompress_none.c.obj     14     0         0      
       errno.c.obj                    8      0         4      
       exit.c.obj                     4      0         0      
       pre_init.c.obj                 4      0         0      
    +--+------------------------------+------+---------+---------+
       Total:                         3176   457       4      
                                                              
       Stack:                         0      0         512    
       Linker Generated:              0      43        0      
    +--+------------------------------+------+---------+---------+
       Grand Total:                   4432   1120      614    


LINKER GENERATED COPY TABLES

__TI_cinit_table @ 000015b0 records: 2, size/record: 8, table size: 16
	.bss: load addr=000015a0, load size=00000008 bytes, run addr=20000200, run size=00000062 bytes, compression=zero_init
	.data: load addr=000015a8, load size=00000007 bytes, run addr=20000264, run size=00000004 bytes, compression=lzss


LINKER GENERATED HANDLER TABLE

__TI_handler_table @ 00001590 records: 3, size/record: 4, table size: 12
	index: 0, handler: __TI_decompress_lzss
	index: 1, handler: __TI_decompress_none
	index: 2, handler: __TI_zero_init


GLOBAL SYMBOLS: SORTED ALPHABETICALLY BY Name 

address   name                          
-------   ----                          
000013bd  C$$EXIT                       
000013a5  ResetISR                      
00001091  SSIinit                       
20000200  __STACK_END                   
00000200  __STACK_SIZE                  
20000200  __STACK_TOP                   
000015b0  __TI_CINIT_Base               
000015c0  __TI_CINIT_Limit              
00001590  __TI_Handler_Table_Base       
0000159c  __TI_Handler_Table_Limit      
000012b9  __TI_auto_init_nobinit_nopinit
00001203  __TI_decompress_lzss          
00001397  __TI_decompress_none          
ffffffff  __TI_pprof_out_hndl           
ffffffff  __TI_prof_data_size           
ffffffff  __TI_prof_data_start          
00000000  __TI_static_base__            
00001361  __TI_zero_init_nomemset       
00001009  __aeabi_cdcmpeq               
00001009  __aeabi_cdcmple               
00001195  __aeabi_d2f                   
000009a7  __aeabi_dadd                  
00000b53  __aeabi_ddiv                  
00000d99  __aeabi_dmul                  
0000099d  __aeabi_dsub                  
000013b1  __aeabi_errno_addr            
00000f6d  __aeabi_memcpy                
00000f6d  __aeabi_memcpy4               
00000f6d  __aeabi_memcpy8               
ffffffff  __binit__                     
ffffffff  __c_args__                    
UNDEFED   __mpu_init                    
20000000  __stack                       
20000000  __start___llvm_prf_cnts       
20000000  __stop___llvm_prf_cnts        
000012fd  _c_int00_noargs               
000013c0  _ctypes_                      
UNDEFED   _system_post_cinit            
000013b9  _system_pre_init              
000013bd  abort                         
0000126d  atoi                          
ffffffff  binit                         
0000137d  copysign                      
0000137d  copysignl                     
20000264  errno                         
00000000  g_pfnVectors                  
00000959  getArgFloat                   
00000955  getArgInt                     
00000933  getArgString                  
00000f49  getcUart0                     
000008b1  getcUart0String               
0000114d  initHw                        
00000eb9  initUart0                     
00001129  inttimer1A                    
00000887  is_command                    
00000c89  ldexp                         
00000c89  ldexpl                        
00001331  main                          
00000f6d  memcpy                        
000007c7  parseString                   
00000e95  putcUart0                     
00000ea1  putsUart0                     
00000c89  scalbn                        
00000c89  scalbnl                       
20000200  step2                         
20000252  step3                         
0000079f  stringcompare                 
0000026d  strtod                        
0000026d  strtold                       
00001115  sysTIMERINIT                  
000006cd  tolow                         


GLOBAL SYMBOLS: SORTED BY Symbol Address 

address   name                          
-------   ----                          
00000000  __TI_static_base__            
00000000  g_pfnVectors                  
00000200  __STACK_SIZE                  
0000026d  strtod                        
0000026d  strtold                       
000006cd  tolow                         
0000079f  stringcompare                 
000007c7  parseString                   
00000887  is_command                    
000008b1  getcUart0String               
00000933  getArgString                  
00000955  getArgInt                     
00000959  getArgFloat                   
0000099d  __aeabi_dsub                  
000009a7  __aeabi_dadd                  
00000b53  __aeabi_ddiv                  
00000c89  ldexp                         
00000c89  ldexpl                        
00000c89  scalbn                        
00000c89  scalbnl                       
00000d99  __aeabi_dmul                  
00000e95  putcUart0                     
00000ea1  putsUart0                     
00000eb9  initUart0                     
00000f49  getcUart0                     
00000f6d  __aeabi_memcpy                
00000f6d  __aeabi_memcpy4               
00000f6d  __aeabi_memcpy8               
00000f6d  memcpy                        
00001009  __aeabi_cdcmpeq               
00001009  __aeabi_cdcmple               
00001091  SSIinit                       
00001115  sysTIMERINIT                  
00001129  inttimer1A                    
0000114d  initHw                        
00001195  __aeabi_d2f                   
00001203  __TI_decompress_lzss          
0000126d  atoi                          
000012b9  __TI_auto_init_nobinit_nopinit
000012fd  _c_int00_noargs               
00001331  main                          
00001361  __TI_zero_init_nomemset       
0000137d  copysign                      
0000137d  copysignl                     
00001397  __TI_decompress_none          
000013a5  ResetISR                      
000013b1  __aeabi_errno_addr            
000013b9  _system_pre_init              
000013bd  C$$EXIT                       
000013bd  abort                         
000013c0  _ctypes_                      
00001590  __TI_Handler_Table_Base       
0000159c  __TI_Handler_Table_Limit      
000015b0  __TI_CINIT_Base               
000015c0  __TI_CINIT_Limit              
20000000  __stack                       
20000000  __start___llvm_prf_cnts       
20000000  __stop___llvm_prf_cnts        
20000200  __STACK_END                   
20000200  __STACK_TOP                   
20000200  step2                         
20000252  step3                         
20000264  errno                         
ffffffff  __TI_pprof_out_hndl           
ffffffff  __TI_prof_data_size           
ffffffff  __TI_prof_data_start          
ffffffff  __binit__                     
ffffffff  __c_args__                    
ffffffff  binit                         
UNDEFED   __mpu_init                    
UNDEFED   _system_post_cinit            

[71 symbols]
